app/components/settings/AdvancedTab.tsx(40,65): error TS2322: Type '{ children: Element; background: "bg-surface"; padding: "400"; borderRadius: string; }' is not assignable to type 'IntrinsicAttributes & CardProps'.
  Property 'borderRadius' does not exist on type 'IntrinsicAttributes & CardProps'.
app/components/settings/AdvancedTab.tsx(100,65): error TS2322: Type '{ children: Element; background: "bg-surface"; padding: "400"; borderRadius: string; }' is not assignable to type 'IntrinsicAttributes & CardProps'.
  Property 'borderRadius' does not exist on type 'IntrinsicAttributes & CardProps'.
app/routes/app.dummy.tsx(83,31): error TS2322: Type '{ children: string; colSpan: number; }' is not assignable to type 'ReactProps$a & ReactBaseElementPropsWithChildren<TableCell>'.
  Property 'colSpan' does not exist on type 'ReactProps$a & ReactBaseElementPropsWithChildren<TableCell>'.
