app/routes/app.dummy.tsx(83,31): error TS2322: Type '{ children: string; colSpan: number; }' is not assignable to type 'ReactProps$a & ReactBaseElementPropsWithChildren<TableCell>'.
  Property 'colSpan' does not exist on type 'ReactProps$a & ReactBaseElementPropsWithChildren<TableCell>'.
app/routes/app.settings.tsx(75,61): error TS2322: Type '{ children: Element; background: "bg-surface"; padding: "400"; borderRadius: string; }' is not assignable to type 'IntrinsicAttributes & CardProps'.
  Property 'borderRadius' does not exist on type 'IntrinsicAttributes & CardProps'.
app/routes/app.settings.tsx(114,61): error TS2322: Type '{ children: Element; background: "bg-surface"; padding: "400"; borderRadius: string; }' is not assignable to type 'IntrinsicAttributes & CardProps'.
  Property 'borderRadius' does not exist on type 'IntrinsicAttributes & CardProps'.
app/routes/app.settings.tsx(254,48): error TS2322: Type '{ children: Element[]; position: "relative"; display: string; }' is not assignable to type 'IntrinsicAttributes & BoxProps & RefAttributes<HTMLElement>'.
  Property 'display' does not exist on type 'IntrinsicAttributes & BoxProps & RefAttributes<HTMLElement>'.
app/routes/app.settings.tsx(272,27): error TS2322: Type '{ children: Element; background: "bg-surface-success"; padding: "100"; borderRadius: "200" | "300"; style: { position: string; top: string; left: string; }; }' is not assignable to type 'IntrinsicAttributes & BoxProps & RefAttributes<HTMLElement>'.
  Property 'style' does not exist on type 'IntrinsicAttributes & BoxProps & RefAttributes<HTMLElement>'.
app/routes/app.settings.tsx(280,29): error TS2322: Type '{ children: string; as: "span"; color: string; style: { fontSize: string; }; }' is not assignable to type 'IntrinsicAttributes & TextProps'.
  Property 'color' does not exist on type 'IntrinsicAttributes & TextProps'.
app/routes/app.settings.tsx(288,44): error TS2322: Type '{ children: string; tone: "subdued"; align: string; }' is not assignable to type 'IntrinsicAttributes & TextProps'.
  Property 'align' does not exist on type 'IntrinsicAttributes & TextProps'.
